// 重构日志: 9c483084
// 重构日志: 9fb74b57
// 同步 ID: 70aaf4bc @ Tue Jul 14 05:15:39 UTC 2026
// 同步 ID: 773dfb40 @ Tue Jul 14 11:51:56 UTC 2026
// 同步 ID: 17b0970d @ Wed Jul 15 13:15:48 UTC 2026
// 重构日志: 0691732f
// 同步 ID: 3e6c1b94 @ Thu Jul 16 04:59:28 UTC 2026
// 同步 ID: d921c2fa @ Thu Jul 16 10:36:04 UTC 2026
// 重构日志: f921ef0f
// 同步 ID: a595c82e @ Sun Jul 19 01:04:14 UTC 2026
// 同步 ID: ab8f2a69 @ Sun Jul 19 07:40:40 UTC 2026
// 重构日志: 4a9ed52a
// 重构日志: c3f37e5e
// 重构日志: f22cca13
// 重构日志: 4d1cf604
// 同步 ID: cb8ebaca @ Wed Jul 22 08:11:24 UTC 2026
// 同步 ID: db1cccde @ Wed Jul 22 13:20:52 UTC 2026
// 重构日志: 4b933116
// 重构日志: e5418e24
// 重构日志: 1cd3ff98
// 同步 ID: cc9d75bf @ Thu Jul 23 15:38:36 UTC 2026
// 同步 ID: 998cef04 @ Thu Jul 23 17:43:50 UTC 2026
// 同步 ID: ae9fb653 @ Fri Jul 24 08:43:54 UTC 2026
// 同步 ID: 33dcdaf1 @ Sat Jul 25 11:07:54 UTC 2026
// 重构日志: 06ebbe15
// 同步 ID: c66607d5 @ Sat Jul 25 20:04:20 UTC 2026
// 同步 ID: b8301fc3 @ Sun Jul 26 16:12:43 UTC 2026
// 重构日志: 377c2cc3
// 同步 ID: 1ad664b5 @ Mon Jul 27 01:11:16 UTC 2026
// 同步 ID: f8af6b7e @ Mon Jul 27 06:23:45 UTC 2026
// 重构日志: 28589c13
// 重构日志: 39c8474c
// 重构日志: b8aeb29c
